
> my-app@0.0.0 build
> tsc -b && vite build

src/pages/CertificationDetail.tsx(773,11): error TS17002: Expected corresponding JSX closing tag for 'div'.
src/pages/CertificationDetail.tsx(775,13): error TS1005: ')' expected.
src/pages/CertificationDetail.tsx(816,9): error TS1128: Declaration or statement expected.
src/pages/CertificationDetail.tsx(817,5): error TS1109: Expression expected.
